// Jest Snapshot v1, https://goo.gl/fbAQLP

exports[`LoginStatusMessage component should return proper component 1`] = `
<Component>
  <Text
    accessible={true}
    allowFontScaling={true}
    ellipsizeMode="tail"
    style={
      Object {
        "fontSize": 20,
        "margin": 10,
        "textAlign": "center",
      }
    }
  >
    You are "logged in" right now
  </Text>
</Component>
`;
