// Jest Snapshot v1, https://goo.gl/fbAQLP

exports[`ProfileScreen component should return proper component 1`] = `
<Component
  style={
    Object {
      "alignItems": "center",
      "backgroundColor": "#F5FCFF",
      "flex": 1,
      "justifyContent": "center",
    }
  }
>
  <Text
    accessible={true}
    allowFontScaling={true}
    ellipsizeMode="tail"
    style={
      Object {
        "fontSize": 20,
        "margin": 10,
        "textAlign": "center",
      }
    }
  >
     Profile Screen 
  </Text>
  <LoginStatusMessage
    isLoggedIn={true}
  />
</Component>
`;
